---
source: crates/nex-syntax/tests/item_debug.rs
expression: item
snapshot_kind: text
---
Item {
    info: #5@0..31,
    is_pub: false,
    kind: Struct(
        Struct {
            info: #4@13..31,
            name: "Point"@7..12,
            generics: [],
            fields: [
                FieldDef {
                    info: #1@15..21,
                    name: "x"@15..16,
                    ty: Type {
                        info: #0@18..21,
                        kind: Named {
                            name: "f64"@18..21,
                            args: [],
                        },
                    },
                },
                FieldDef {
                    info: #3@23..29,
                    name: "y"@23..24,
                    ty: Type {
                        info: #2@26..29,
                        kind: Named {
                            name: "f64"@26..29,
                            args: [],
                        },
                    },
                },
            ],
        },
    ),
}
